// Jest Snapshot v1, https://goo.gl/fbAQLP

exports[`ok 1`] = `
"# test

This paragraph stands alone.

\`This paragraph starts with code\`.

This paragraph contains spacing with linebreak that leads in to
\`code\` on the next line.

This paragraph ends with \`code\`.

This paragraph has \`code\` in the middle.

And this paragraph stands alone.
"
`;
